CHUNK=MAP-PROPERTIES
name=Test
CHUNK=EDITOR-PROPERTIES
cameraX=-58.0
cameraY=651.0
cameraZoomX=0.37000006
cameraZoomY=-3.2799988
numDivisions=0
cellSize=128
snapToGrid=true
drawGrid=true
CHUNK=TERRAIN-DATA
x=0.0,y=-1024.0,path=images/tiles/floor.png,normalPath=images/normal.png,size=256,type=Floor,
x=0.0,y=-1024.0,path=images/tiles/floor.png,normalPath=images/normal.png,size=256,type=Floor,
x=-1536.0,y=-256.0,path=images/tiles/wall.png,normalPath=images/normal.png,size=256,type=Floor,
x=-1536.0,y=-512.0,path=images/tiles/wall.png,normalPath=images/normal.png,size=256,type=Floor,
x=-1536.0,y=-768.0,path=images/tiles/wall.png,normalPath=images/normal.png,size=256,type=Floor,
x=-1536.0,y=-1024.0,path=images/tiles/wall.png,normalPath=images/normal.png,size=256,type=Floor,
x=-1536.0,y=-1280.0,path=images/tiles/wall.png,normalPath=images/normal.png,size=256,type=Floor,
x=-1280.0,y=-1536.0,path=images/tiles/wall.png,normalPath=images/normal.png,size=256,type=Floor,
x=-1024.0,y=-1536.0,path=images/tiles/wall.png,normalPath=images/normal.png,size=256,type=Floor,
x=-768.0,y=-1536.0,path=images/tiles/wall.png,normalPath=images/normal.png,size=256,type=Floor,
x=-768.0,y=-1536.0,path=images/tiles/wall.png,normalPath=images/normal.png,size=256,type=Floor,
x=-512.0,y=-1536.0,path=images/tiles/wall.png,normalPath=images/normal.png,size=256,type=Floor,
x=-256.0,y=-1536.0,path=images/tiles/wall.png,normalPath=images/normal.png,size=256,type=Floor,
x=0.0,y=-1536.0,path=images/tiles/wall.png,normalPath=images/normal.png,size=256,type=Floor,
x=256.0,y=-1280.0,path=images/tiles/floor.png,normalPath=images/normal.png,size=256,type=Floor,
x=-1536.0,y=0.0,path=images/tiles/wall.png,normalPath=images/normal.png,size=256,type=Floor,
x=-1536.0,y=256.0,path=images/tiles/wall.png,normalPath=images/normal.png,size=256,type=Floor,
x=-1536.0,y=512.0,path=images/tiles/wall.png,normalPath=images/normal.png,size=256,type=Floor,
x=-1536.0,y=512.0,path=images/tiles/wall.png,normalPath=images/normal.png,size=256,type=Floor,
x=-1536.0,y=768.0,path=images/tiles/wall.png,normalPath=images/normal.png,size=256,type=Floor,
x=-1536.0,y=1024.0,path=images/tiles/wall.png,normalPath=images/normal.png,size=256,type=Floor,
x=-1536.0,y=1280.0,path=images/tiles/wall.png,normalPath=images/normal.png,size=256,type=Floor,
x=-1536.0,y=1536.0,path=images/tiles/wall.png,normalPath=images/normal.png,size=256,type=Floor,
x=-1280.0,y=1536.0,path=images/tiles/wall.png,normalPath=images/normal.png,size=256,type=Floor,
x=-1280.0,y=1536.0,path=images/tiles/wall.png,normalPath=images/normal.png,size=256,type=Floor,
x=-1024.0,y=1536.0,path=images/tiles/wall.png,normalPath=images/normal.png,size=256,type=Floor,
x=-768.0,y=1536.0,path=images/tiles/wall.png,normalPath=images/normal.png,size=256,type=Floor,
x=-512.0,y=1536.0,path=images/tiles/wall.png,normalPath=images/normal.png,size=256,type=Floor,
x=-256.0,y=1536.0,path=images/tiles/wall.png,normalPath=images/normal.png,size=256,type=Floor,
x=0.0,y=1536.0,path=images/tiles/wall.png,normalPath=images/normal.png,size=256,type=Floor,
x=256.0,y=1536.0,path=images/tiles/wall.png,normalPath=images/normal.png,size=256,type=Floor,
x=512.0,y=1536.0,path=images/tiles/wall.png,normalPath=images/normal.png,size=256,type=Floor,
x=768.0,y=1536.0,path=images/tiles/wall.png,normalPath=images/normal.png,size=256,type=Floor,
x=1024.0,y=1536.0,path=images/tiles/wall.png,normalPath=images/normal.png,size=256,type=Floor,
x=1280.0,y=1536.0,path=images/tiles/wall.png,normalPath=images/normal.png,size=256,type=Floor,
x=1536.0,y=1536.0,path=images/tiles/wall.png,normalPath=images/normal.png,size=256,type=Floor,
x=1536.0,y=1280.0,path=images/tiles/wall.png,normalPath=images/normal.png,size=256,type=Floor,
x=1536.0,y=1024.0,path=images/tiles/wall.png,normalPath=images/normal.png,size=256,type=Floor,
x=1536.0,y=768.0,path=images/tiles/wall.png,normalPath=images/normal.png,size=256,type=Floor,
x=1536.0,y=512.0,path=images/tiles/wall.png,normalPath=images/normal.png,size=256,type=Floor,
x=1536.0,y=256.0,path=images/tiles/wall.png,normalPath=images/normal.png,size=256,type=Floor,
x=1536.0,y=256.0,path=images/tiles/wall.png,normalPath=images/normal.png,size=256,type=Floor,
x=1536.0,y=0.0,path=images/tiles/wall.png,normalPath=images/normal.png,size=256,type=Floor,
x=1536.0,y=0.0,path=images/tiles/wall.png,normalPath=images/normal.png,size=256,type=Floor,
x=1536.0,y=-256.0,path=images/tiles/wall.png,normalPath=images/normal.png,size=256,type=Floor,
x=1536.0,y=-512.0,path=images/tiles/wall.png,normalPath=images/normal.png,size=256,type=Floor,
x=1536.0,y=-768.0,path=images/tiles/wall.png,normalPath=images/normal.png,size=256,type=Floor,
x=1536.0,y=-1024.0,path=images/tiles/wall.png,normalPath=images/normal.png,size=256,type=Floor,
x=1536.0,y=-1024.0,path=images/tiles/wall.png,normalPath=images/normal.png,size=256,type=Floor,
x=1536.0,y=-1280.0,path=images/tiles/wall.png,normalPath=images/normal.png,size=256,type=Floor,
x=1536.0,y=-1536.0,path=images/tiles/wall.png,normalPath=images/normal.png,size=256,type=Floor,
x=1280.0,y=-1536.0,path=images/tiles/wall.png,normalPath=images/normal.png,size=256,type=Floor,
x=1024.0,y=-1536.0,path=images/tiles/wall.png,normalPath=images/normal.png,size=256,type=Floor,
x=768.0,y=-1536.0,path=images/tiles/wall.png,normalPath=images/normal.png,size=256,type=Floor,
x=768.0,y=-1536.0,path=images/tiles/wall.png,normalPath=images/normal.png,size=256,type=Floor,
x=512.0,y=-1536.0,path=images/tiles/wall.png,normalPath=images/normal.png,size=256,type=Floor,
x=256.0,y=-1536.0,path=images/tiles/wall.png,normalPath=images/normal.png,size=256,type=Floor,
x=-1536.0,y=-1536.0,path=images/tiles/wall.png,normalPath=images/normal.png,size=256,type=Floor,
x=-256.0,y=-256.0,path=images/tiles/scifi-floor-diffuse.png,normalPath=images/tiles/scifi-floor-normal.png,size=256,type=Floor,
x=0.0,y=-256.0,path=images/tiles/scifi-floor-diffuse.png,normalPath=images/tiles/scifi-floor-normal.png,size=256,type=Floor,
x=256.0,y=-256.0,path=images/tiles/scifi-floor-diffuse.png,normalPath=images/tiles/scifi-floor-normal.png,size=256,type=Floor,
x=512.0,y=-512.0,path=images/tiles/scifi-floor-diffuse.png,normalPath=images/tiles/scifi-floor-normal.png,size=256,type=Floor,
x=256.0,y=-512.0,path=images/tiles/scifi-floor-diffuse.png,normalPath=images/tiles/scifi-floor-normal.png,size=256,type=Floor,
x=0.0,y=-512.0,path=images/tiles/scifi-floor-diffuse.png,normalPath=images/tiles/scifi-floor-normal.png,size=256,type=Floor,
x=-256.0,y=-512.0,path=images/tiles/scifi-floor-diffuse.png,normalPath=images/tiles/scifi-floor-normal.png,size=256,type=Floor,
x=-512.0,y=-512.0,path=images/tiles/scifi-floor-diffuse.png,normalPath=images/tiles/scifi-floor-normal.png,size=256,type=Floor,
x=-512.0,y=-768.0,path=images/tiles/scifi-floor-diffuse.png,normalPath=images/tiles/scifi-floor-normal.png,size=256,type=Floor,
x=-256.0,y=-768.0,path=images/tiles/scifi-floor-diffuse.png,normalPath=images/tiles/scifi-floor-normal.png,size=256,type=Floor,
x=0.0,y=-768.0,path=images/tiles/scifi-floor-diffuse.png,normalPath=images/tiles/scifi-floor-normal.png,size=256,type=Floor,
x=0.0,y=-768.0,path=images/tiles/scifi-floor-diffuse.png,normalPath=images/tiles/scifi-floor-normal.png,size=256,type=Floor,
x=256.0,y=-768.0,path=images/tiles/scifi-floor-diffuse.png,normalPath=images/tiles/scifi-floor-normal.png,size=256,type=Floor,
x=-1280.0,y=-512.0,path=images/tiles/scifi-floor-diffuse.png,normalPath=images/tiles/scifi-floor-normal.png,size=256,type=Floor,
x=-1280.0,y=-512.0,path=images/tiles/scifi-floor-diffuse.png,normalPath=images/tiles/scifi-floor-normal.png,size=256,type=Floor,
x=-1280.0,y=-768.0,path=images/tiles/scifi-floor-diffuse.png,normalPath=images/tiles/scifi-floor-normal.png,size=256,type=Floor,
x=-1024.0,y=-768.0,path=images/tiles/scifi-floor-diffuse.png,normalPath=images/tiles/scifi-floor-normal.png,size=256,type=Floor,
x=-1024.0,y=-1024.0,path=images/tiles/scifi-floor-diffuse.png,normalPath=images/tiles/scifi-floor-normal.png,size=256,type=Floor,
x=-1280.0,y=-1024.0,path=images/tiles/scifi-floor-diffuse.png,normalPath=images/tiles/scifi-floor-normal.png,size=256,type=Floor,
x=-1280.0,y=-1280.0,path=images/tiles/scifi-floor-diffuse.png,normalPath=images/tiles/scifi-floor-normal.png,size=256,type=Floor,
x=-1024.0,y=-1280.0,path=images/tiles/scifi-floor-diffuse.png,normalPath=images/tiles/scifi-floor-normal.png,size=256,type=Floor,
x=-768.0,y=-1280.0,path=images/tiles/scifi-floor-diffuse.png,normalPath=images/tiles/scifi-floor-normal.png,size=256,type=Floor,
x=-512.0,y=-1280.0,path=images/tiles/scifi-floor-diffuse.png,normalPath=images/tiles/scifi-floor-normal.png,size=256,type=Floor,
x=-256.0,y=-1280.0,path=images/tiles/scifi-floor-diffuse.png,normalPath=images/tiles/scifi-floor-normal.png,size=256,type=Floor,
x=0.0,y=-1024.0,path=images/tiles/scifi-floor-diffuse.png,normalPath=images/tiles/scifi-floor-normal.png,size=256,type=Floor,
x=0.0,y=-1280.0,path=images/tiles/scifi-floor-diffuse.png,normalPath=images/tiles/scifi-floor-normal.png,size=256,type=Floor,
x=256.0,y=-1280.0,path=images/tiles/scifi-floor-diffuse.png,normalPath=images/tiles/scifi-floor-normal.png,size=256,type=Floor,
x=512.0,y=-1280.0,path=images/tiles/scifi-floor-diffuse.png,normalPath=images/tiles/scifi-floor-normal.png,size=256,type=Floor,
x=768.0,y=-1280.0,path=images/tiles/scifi-floor-diffuse.png,normalPath=images/tiles/scifi-floor-normal.png,size=256,type=Floor,
x=1024.0,y=-1024.0,path=images/tiles/scifi-floor-diffuse.png,normalPath=images/tiles/scifi-floor-normal.png,size=256,type=Floor,
x=1024.0,y=-1280.0,path=images/tiles/scifi-floor-diffuse.png,normalPath=images/tiles/scifi-floor-normal.png,size=256,type=Floor,
x=1280.0,y=-1280.0,path=images/tiles/scifi-floor-diffuse.png,normalPath=images/tiles/scifi-floor-normal.png,size=256,type=Floor,
x=1280.0,y=-1024.0,path=images/tiles/scifi-floor-diffuse.png,normalPath=images/tiles/scifi-floor-normal.png,size=256,type=Floor,
x=1280.0,y=-768.0,path=images/tiles/scifi-floor-diffuse.png,normalPath=images/tiles/scifi-floor-normal.png,size=256,type=Floor,
x=1024.0,y=-768.0,path=images/tiles/scifi-floor-diffuse.png,normalPath=images/tiles/scifi-floor-normal.png,size=256,type=Floor,
x=1024.0,y=-512.0,path=images/tiles/scifi-floor-diffuse.png,normalPath=images/tiles/scifi-floor-normal.png,size=256,type=Floor,
x=1280.0,y=-512.0,path=images/tiles/scifi-floor-diffuse.png,normalPath=images/tiles/scifi-floor-normal.png,size=256,type=Floor,
x=1024.0,y=-256.0,path=images/tiles/scifi-floor-diffuse.png,normalPath=images/tiles/scifi-floor-normal.png,size=256,type=Floor,
x=1280.0,y=-256.0,path=images/tiles/scifi-floor-diffuse.png,normalPath=images/tiles/scifi-floor-normal.png,size=256,type=Floor,
x=1280.0,y=0.0,path=images/tiles/scifi-floor-diffuse.png,normalPath=images/tiles/scifi-floor-normal.png,size=256,type=Floor,
x=1024.0,y=0.0,path=images/tiles/scifi-floor-diffuse.png,normalPath=images/tiles/scifi-floor-normal.png,size=256,type=Floor,
x=768.0,y=0.0,path=images/tiles/scifi-floor-diffuse.png,normalPath=images/tiles/scifi-floor-normal.png,size=256,type=Floor,
x=-512.0,y=0.0,path=images/tiles/scifi-floor-diffuse.png,normalPath=images/tiles/scifi-floor-normal.png,size=256,type=Floor,
x=-1280.0,y=0.0,path=images/tiles/scifi-floor-diffuse.png,normalPath=images/tiles/scifi-floor-normal.png,size=256,type=Floor,
x=-1280.0,y=256.0,path=images/tiles/scifi-floor-diffuse.png,normalPath=images/tiles/scifi-floor-normal.png,size=256,type=Floor,
x=-1024.0,y=256.0,path=images/tiles/scifi-floor-diffuse.png,normalPath=images/tiles/scifi-floor-normal.png,size=256,type=Floor,
x=-1024.0,y=256.0,path=images/tiles/scifi-floor-diffuse.png,normalPath=images/tiles/scifi-floor-normal.png,size=256,type=Floor,
x=-1024.0,y=512.0,path=images/tiles/scifi-floor-diffuse.png,normalPath=images/tiles/scifi-floor-normal.png,size=256,type=Floor,
x=-1024.0,y=512.0,path=images/tiles/scifi-floor-diffuse.png,normalPath=images/tiles/scifi-floor-normal.png,size=256,type=Floor,
x=-1280.0,y=512.0,path=images/tiles/scifi-floor-diffuse.png,normalPath=images/tiles/scifi-floor-normal.png,size=256,type=Floor,
x=-1280.0,y=768.0,path=images/tiles/scifi-floor-diffuse.png,normalPath=images/tiles/scifi-floor-normal.png,size=256,type=Floor,
x=-1024.0,y=768.0,path=images/tiles/scifi-floor-diffuse.png,normalPath=images/tiles/scifi-floor-normal.png,size=256,type=Floor,
x=-1280.0,y=1024.0,path=images/tiles/scifi-floor-diffuse.png,normalPath=images/tiles/scifi-floor-normal.png,size=256,type=Floor,
x=-1024.0,y=1024.0,path=images/tiles/scifi-floor-diffuse.png,normalPath=images/tiles/scifi-floor-normal.png,size=256,type=Floor,
x=-1024.0,y=1280.0,path=images/tiles/scifi-floor-diffuse.png,normalPath=images/tiles/scifi-floor-normal.png,size=256,type=Floor,
x=-1280.0,y=1280.0,path=images/tiles/scifi-floor-diffuse.png,normalPath=images/tiles/scifi-floor-normal.png,size=256,type=Floor,
x=-768.0,y=1280.0,path=images/tiles/scifi-floor-diffuse.png,normalPath=images/tiles/scifi-floor-normal.png,size=256,type=Floor,
x=-512.0,y=1280.0,path=images/tiles/scifi-floor-diffuse.png,normalPath=images/tiles/scifi-floor-normal.png,size=256,type=Floor,
x=-768.0,y=1024.0,path=images/tiles/scifi-floor-diffuse.png,normalPath=images/tiles/scifi-floor-normal.png,size=256,type=Floor,
x=-512.0,y=1024.0,path=images/tiles/scifi-floor-diffuse.png,normalPath=images/tiles/scifi-floor-normal.png,size=256,type=Floor,
x=-256.0,y=1024.0,path=images/tiles/scifi-floor-diffuse.png,normalPath=images/tiles/scifi-floor-normal.png,size=256,type=Floor,
x=-256.0,y=1280.0,path=images/tiles/scifi-floor-diffuse.png,normalPath=images/tiles/scifi-floor-normal.png,size=256,type=Floor,
x=0.0,y=1280.0,path=images/tiles/scifi-floor-diffuse.png,normalPath=images/tiles/scifi-floor-normal.png,size=256,type=Floor,
x=0.0,y=1024.0,path=images/tiles/scifi-floor-diffuse.png,normalPath=images/tiles/scifi-floor-normal.png,size=256,type=Floor,
x=256.0,y=1024.0,path=images/tiles/scifi-floor-diffuse.png,normalPath=images/tiles/scifi-floor-normal.png,size=256,type=Floor,
x=256.0,y=1280.0,path=images/tiles/scifi-floor-diffuse.png,normalPath=images/tiles/scifi-floor-normal.png,size=256,type=Floor,
x=512.0,y=1280.0,path=images/tiles/scifi-floor-diffuse.png,normalPath=images/tiles/scifi-floor-normal.png,size=256,type=Floor,
x=512.0,y=1024.0,path=images/tiles/scifi-floor-diffuse.png,normalPath=images/tiles/scifi-floor-normal.png,size=256,type=Floor,
x=768.0,y=1024.0,path=images/tiles/scifi-floor-diffuse.png,normalPath=images/tiles/scifi-floor-normal.png,size=256,type=Floor,
x=768.0,y=1280.0,path=images/tiles/scifi-floor-diffuse.png,normalPath=images/tiles/scifi-floor-normal.png,size=256,type=Floor,
x=1024.0,y=1280.0,path=images/tiles/scifi-floor-diffuse.png,normalPath=images/tiles/scifi-floor-normal.png,size=256,type=Floor,
x=1024.0,y=1024.0,path=images/tiles/scifi-floor-diffuse.png,normalPath=images/tiles/scifi-floor-normal.png,size=256,type=Floor,
x=1280.0,y=1024.0,path=images/tiles/scifi-floor-diffuse.png,normalPath=images/tiles/scifi-floor-normal.png,size=256,type=Floor,
x=1280.0,y=1280.0,path=images/tiles/scifi-floor-diffuse.png,normalPath=images/tiles/scifi-floor-normal.png,size=256,type=Floor,
x=1280.0,y=512.0,path=images/tiles/scifi-floor-diffuse.png,normalPath=images/tiles/scifi-floor-normal.png,size=256,type=Floor,
x=1024.0,y=512.0,path=images/tiles/scifi-floor-diffuse.png,normalPath=images/tiles/scifi-floor-normal.png,size=256,type=Floor,
x=1024.0,y=768.0,path=images/tiles/scifi-floor-diffuse.png,normalPath=images/tiles/scifi-floor-normal.png,size=256,type=Floor,
x=1280.0,y=768.0,path=images/tiles/scifi-floor-diffuse.png,normalPath=images/tiles/scifi-floor-normal.png,size=256,type=Floor,
x=1280.0,y=256.0,path=images/tiles/scifi-floor-diffuse.png,normalPath=images/tiles/scifi-floor-normal.png,size=256,type=Floor,
x=1024.0,y=256.0,path=images/tiles/scifi-floor-diffuse.png,normalPath=images/tiles/scifi-floor-normal.png,size=256,type=Floor,
x=1024.0,y=256.0,path=images/tiles/scifi-floor-diffuse.png,normalPath=images/tiles/scifi-floor-normal.png,size=256,type=Floor,
x=768.0,y=256.0,path=images/tiles/scifi-floor-diffuse.png,normalPath=images/tiles/scifi-floor-normal.png,size=256,type=Floor,
x=768.0,y=512.0,path=images/tiles/scifi-floor-diffuse.png,normalPath=images/tiles/scifi-floor-normal.png,size=256,type=Floor,
x=768.0,y=768.0,path=images/tiles/scifi-floor-diffuse.png,normalPath=images/tiles/scifi-floor-normal.png,size=256,type=Floor,
x=512.0,y=768.0,path=images/tiles/scifi-floor-diffuse.png,normalPath=images/tiles/scifi-floor-normal.png,size=256,type=Floor,
x=256.0,y=768.0,path=images/tiles/scifi-floor-diffuse.png,normalPath=images/tiles/scifi-floor-normal.png,size=256,type=Floor,
x=512.0,y=256.0,path=images/tiles/scifi-floor-diffuse.png,normalPath=images/tiles/scifi-floor-normal.png,size=256,type=Floor,
x=512.0,y=512.0,path=images/tiles/scifi-floor-diffuse.png,normalPath=images/tiles/scifi-floor-normal.png,size=256,type=Floor,
x=256.0,y=512.0,path=images/tiles/scifi-floor-diffuse.png,normalPath=images/tiles/scifi-floor-normal.png,size=256,type=Floor,
x=0.0,y=512.0,path=images/tiles/scifi-floor-diffuse.png,normalPath=images/tiles/scifi-floor-normal.png,size=256,type=Floor,
x=-256.0,y=512.0,path=images/tiles/scifi-floor-diffuse.png,normalPath=images/tiles/scifi-floor-normal.png,size=256,type=Floor,
x=-256.0,y=768.0,path=images/tiles/scifi-floor-diffuse.png,normalPath=images/tiles/scifi-floor-normal.png,size=256,type=Floor,
x=-512.0,y=768.0,path=images/tiles/scifi-floor-diffuse.png,normalPath=images/tiles/scifi-floor-normal.png,size=256,type=Floor,
x=-768.0,y=768.0,path=images/tiles/scifi-floor-diffuse.png,normalPath=images/tiles/scifi-floor-normal.png,size=256,type=Floor,
x=-512.0,y=512.0,path=images/tiles/scifi-floor-diffuse.png,normalPath=images/tiles/scifi-floor-normal.png,size=256,type=Floor,
x=-768.0,y=256.0,path=images/tiles/scifi-floor-diffuse.png,normalPath=images/tiles/scifi-floor-normal.png,size=256,type=Floor,
x=-512.0,y=256.0,path=images/tiles/scifi-floor-diffuse.png,normalPath=images/tiles/scifi-floor-normal.png,size=256,type=Floor,
x=-256.0,y=256.0,path=images/tiles/scifi-floor-diffuse.png,normalPath=images/tiles/scifi-floor-normal.png,size=256,type=Floor,
x=256.0,y=256.0,path=images/tiles/scifi-floor-diffuse.png,normalPath=images/tiles/scifi-floor-normal.png,size=256,type=Floor,
x=-256.0,y=768.0,path=images/tiles/wall.png,normalPath=images/normal.png,size=128,type=Wall,
x=-384.0,y=768.0,path=images/tiles/wall.png,normalPath=images/normal.png,size=128,type=Wall,
x=-512.0,y=768.0,path=images/tiles/wall.png,normalPath=images/normal.png,size=128,type=Wall,
x=-640.0,y=768.0,path=images/tiles/wall.png,normalPath=images/normal.png,size=128,type=Wall,
x=-768.0,y=768.0,path=images/tiles/wall.png,normalPath=images/normal.png,size=128,type=Wall,
x=-768.0,y=640.0,path=images/tiles/wall.png,normalPath=images/normal.png,size=128,type=Wall,
x=-768.0,y=512.0,path=images/tiles/wall.png,normalPath=images/normal.png,size=128,type=Wall,
x=-768.0,y=384.0,path=images/tiles/wall.png,normalPath=images/normal.png,size=128,type=Wall,
x=-768.0,y=256.0,path=images/tiles/wall.png,normalPath=images/normal.png,size=128,type=Wall,
x=-640.0,y=256.0,path=images/tiles/wall.png,normalPath=images/normal.png,size=128,type=Wall,
x=-512.0,y=256.0,path=images/tiles/wall.png,normalPath=images/normal.png,size=128,type=Wall,
x=-384.0,y=256.0,path=images/tiles/wall.png,normalPath=images/normal.png,size=128,type=Wall,
x=-256.0,y=256.0,path=images/tiles/wall.png,normalPath=images/normal.png,size=128,type=Wall,
x=-128.0,y=256.0,path=images/tiles/wall.png,normalPath=images/normal.png,size=128,type=Wall,
x=0.0,y=256.0,path=images/tiles/wall.png,normalPath=images/normal.png,size=128,type=Wall,
x=128.0,y=256.0,path=images/tiles/wall.png,normalPath=images/normal.png,size=128,type=Wall,
x=256.0,y=256.0,path=images/tiles/wall.png,normalPath=images/normal.png,size=128,type=Wall,
x=256.0,y=768.0,path=images/tiles/wall.png,normalPath=images/normal.png,size=128,type=Wall,
x=384.0,y=768.0,path=images/tiles/wall.png,normalPath=images/normal.png,size=128,type=Wall,
x=512.0,y=768.0,path=images/tiles/wall.png,normalPath=images/normal.png,size=128,type=Wall,
x=640.0,y=768.0,path=images/tiles/wall.png,normalPath=images/normal.png,size=128,type=Wall,
x=768.0,y=768.0,path=images/tiles/wall.png,normalPath=images/normal.png,size=128,type=Wall,
x=768.0,y=640.0,path=images/tiles/wall.png,normalPath=images/normal.png,size=128,type=Wall,
x=768.0,y=512.0,path=images/tiles/wall.png,normalPath=images/normal.png,size=128,type=Wall,
x=768.0,y=384.0,path=images/tiles/wall.png,normalPath=images/normal.png,size=128,type=Wall,
x=768.0,y=256.0,path=images/tiles/wall.png,normalPath=images/normal.png,size=128,type=Wall,
x=896.0,y=256.0,path=images/tiles/wall.png,normalPath=images/normal.png,size=128,type=Wall,
x=1024.0,y=256.0,path=images/tiles/wall.png,normalPath=images/normal.png,size=128,type=Wall,
x=1152.0,y=256.0,path=images/tiles/wall.png,normalPath=images/normal.png,size=128,type=Wall,
x=1280.0,y=256.0,path=images/tiles/wall.png,normalPath=images/normal.png,size=128,type=Wall,
x=1408.0,y=256.0,path=images/tiles/wall.png,normalPath=images/normal.png,size=128,type=Wall,
x=-1408.0,y=-128.0,path=images/tiles/wall.png,normalPath=images/normal.png,size=128,type=Wall,
x=-1280.0,y=-128.0,path=images/tiles/wall.png,normalPath=images/normal.png,size=128,type=Wall,
x=-1152.0,y=-128.0,path=images/tiles/wall.png,normalPath=images/normal.png,size=128,type=Wall,
x=-1024.0,y=-128.0,path=images/tiles/wall.png,normalPath=images/normal.png,size=128,type=Wall,
x=-896.0,y=-128.0,path=images/tiles/wall.png,normalPath=images/normal.png,size=128,type=Wall,
x=-896.0,y=-256.0,path=images/tiles/wall.png,normalPath=images/normal.png,size=128,type=Wall,
x=-896.0,y=-384.0,path=images/tiles/wall.png,normalPath=images/normal.png,size=128,type=Wall,
x=-896.0,y=-512.0,path=images/tiles/wall.png,normalPath=images/normal.png,size=128,type=Wall,
x=-896.0,y=-640.0,path=images/tiles/wall.png,normalPath=images/normal.png,size=128,type=Wall,
x=-896.0,y=-768.0,path=images/tiles/wall.png,normalPath=images/normal.png,size=128,type=Wall,
x=-896.0,y=-896.0,path=images/tiles/wall.png,normalPath=images/normal.png,size=128,type=Wall,
x=-768.0,y=-896.0,path=images/tiles/wall.png,normalPath=images/normal.png,size=128,type=Wall,
x=-640.0,y=-896.0,path=images/tiles/wall.png,normalPath=images/normal.png,size=128,type=Wall,
x=-512.0,y=-896.0,path=images/tiles/wall.png,normalPath=images/normal.png,size=128,type=Wall,
x=-384.0,y=-896.0,path=images/tiles/wall.png,normalPath=images/normal.png,size=128,type=Wall,
x=-256.0,y=-896.0,path=images/tiles/wall.png,normalPath=images/normal.png,size=128,type=Wall,
x=256.0,y=-896.0,path=images/tiles/wall.png,normalPath=images/normal.png,size=128,type=Wall,
x=384.0,y=-896.0,path=images/tiles/wall.png,normalPath=images/normal.png,size=128,type=Wall,
x=512.0,y=-896.0,path=images/tiles/wall.png,normalPath=images/normal.png,size=128,type=Wall,
x=640.0,y=-896.0,path=images/tiles/wall.png,normalPath=images/normal.png,size=128,type=Wall,
x=768.0,y=-896.0,path=images/tiles/wall.png,normalPath=images/normal.png,size=128,type=Wall,
x=896.0,y=-896.0,path=images/tiles/wall.png,normalPath=images/normal.png,size=128,type=Wall,
x=896.0,y=-768.0,path=images/tiles/wall.png,normalPath=images/normal.png,size=128,type=Wall,
x=896.0,y=-640.0,path=images/tiles/wall.png,normalPath=images/normal.png,size=128,type=Wall,
x=896.0,y=-512.0,path=images/tiles/wall.png,normalPath=images/normal.png,size=128,type=Wall,
x=896.0,y=-384.0,path=images/tiles/wall.png,normalPath=images/normal.png,size=128,type=Wall,
x=896.0,y=-256.0,path=images/tiles/wall.png,normalPath=images/normal.png,size=128,type=Wall,
x=896.0,y=-128.0,path=images/tiles/wall.png,normalPath=images/normal.png,size=128,type=Wall,
x=768.0,y=-128.0,path=images/tiles/wall.png,normalPath=images/normal.png,size=128,type=Wall,
x=640.0,y=-128.0,path=images/tiles/wall.png,normalPath=images/normal.png,size=128,type=Wall,
x=512.0,y=-128.0,path=images/tiles/wall.png,normalPath=images/normal.png,size=128,type=Wall,
x=384.0,y=-128.0,path=images/tiles/wall.png,normalPath=images/normal.png,size=128,type=Wall,
x=256.0,y=-128.0,path=images/tiles/wall.png,normalPath=images/normal.png,size=128,type=Wall,
x=128.0,y=-128.0,path=images/tiles/wall.png,normalPath=images/normal.png,size=128,type=Wall,
x=0.0,y=-128.0,path=images/tiles/wall.png,normalPath=images/normal.png,size=128,type=Wall,
x=-128.0,y=-128.0,path=images/tiles/wall.png,normalPath=images/normal.png,size=128,type=Wall,
x=-256.0,y=-128.0,path=images/tiles/wall.png,normalPath=images/normal.png,size=128,type=Wall,
x=-384.0,y=-128.0,path=images/tiles/wall.png,normalPath=images/normal.png,size=128,type=Wall,
x=0.0,y=768.0,path=images/tiles/scifi-floor-diffuse.png,normalPath=images/tiles/scifi-floor-normal.png,size=256,type=Floor,
x=-768.0,y=512.0,path=images/tiles/scifi-floor-diffuse.png,normalPath=images/tiles/scifi-floor-normal.png,size=256,type=Floor,
x=0.0,y=256.0,path=images/tiles/scifi-floor-diffuse.png,normalPath=images/tiles/scifi-floor-normal.png,size=256,type=Floor,
x=-1024.0,y=0.0,path=images/tiles/scifi-floor-diffuse.png,normalPath=images/tiles/scifi-floor-normal.png,size=256,type=Floor,
x=-768.0,y=0.0,path=images/tiles/scifi-floor-diffuse.png,normalPath=images/tiles/scifi-floor-normal.png,size=256,type=Floor,
x=-256.0,y=0.0,path=images/tiles/scifi-floor-diffuse.png,normalPath=images/tiles/scifi-floor-normal.png,size=256,type=Floor,
x=0.0,y=0.0,path=images/tiles/scifi-floor-diffuse.png,normalPath=images/tiles/scifi-floor-normal.png,size=256,type=Floor,
x=256.0,y=0.0,path=images/tiles/scifi-floor-diffuse.png,normalPath=images/tiles/scifi-floor-normal.png,size=256,type=Floor,
x=512.0,y=0.0,path=images/tiles/scifi-floor-diffuse.png,normalPath=images/tiles/scifi-floor-normal.png,size=256,type=Floor,
x=512.0,y=-256.0,path=images/tiles/scifi-floor-diffuse.png,normalPath=images/tiles/scifi-floor-normal.png,size=256,type=Floor,
x=768.0,y=-256.0,path=images/tiles/scifi-floor-diffuse.png,normalPath=images/tiles/scifi-floor-normal.png,size=256,type=Floor,
x=768.0,y=-512.0,path=images/tiles/scifi-floor-diffuse.png,normalPath=images/tiles/scifi-floor-normal.png,size=256,type=Floor,
x=768.0,y=-768.0,path=images/tiles/scifi-floor-diffuse.png,normalPath=images/tiles/scifi-floor-normal.png,size=256,type=Floor,
x=512.0,y=-768.0,path=images/tiles/scifi-floor-diffuse.png,normalPath=images/tiles/scifi-floor-normal.png,size=256,type=Floor,
x=-512.0,y=-256.0,path=images/tiles/scifi-floor-diffuse.png,normalPath=images/tiles/scifi-floor-normal.png,size=256,type=Floor,
x=-768.0,y=-256.0,path=images/tiles/scifi-floor-diffuse.png,normalPath=images/tiles/scifi-floor-normal.png,size=256,type=Floor,
x=-768.0,y=-512.0,path=images/tiles/scifi-floor-diffuse.png,normalPath=images/tiles/scifi-floor-normal.png,size=256,type=Floor,
x=-768.0,y=-768.0,path=images/tiles/scifi-floor-diffuse.png,normalPath=images/tiles/scifi-floor-normal.png,size=256,type=Floor,
x=-1024.0,y=-512.0,path=images/tiles/scifi-floor-diffuse.png,normalPath=images/tiles/scifi-floor-normal.png,size=256,type=Floor,
x=-1024.0,y=-256.0,path=images/tiles/scifi-floor-diffuse.png,normalPath=images/tiles/scifi-floor-normal.png,size=256,type=Floor,
x=-1280.0,y=-256.0,path=images/tiles/scifi-floor-diffuse.png,normalPath=images/tiles/scifi-floor-normal.png,size=256,type=Floor,
x=-256.0,y=-1024.0,path=images/tiles/scifi-floor-diffuse.png,normalPath=images/tiles/scifi-floor-normal.png,size=256,type=Floor,
x=-256.0,y=-1024.0,path=images/tiles/scifi-floor-diffuse.png,normalPath=images/tiles/scifi-floor-normal.png,size=256,type=Floor,
x=-512.0,y=-1024.0,path=images/tiles/scifi-floor-diffuse.png,normalPath=images/tiles/scifi-floor-normal.png,size=256,type=Floor,
x=-768.0,y=-1024.0,path=images/tiles/scifi-floor-diffuse.png,normalPath=images/tiles/scifi-floor-normal.png,size=256,type=Floor,
x=256.0,y=-1024.0,path=images/tiles/scifi-floor-diffuse.png,normalPath=images/tiles/scifi-floor-normal.png,size=256,type=Floor,
x=512.0,y=-1024.0,path=images/tiles/scifi-floor-diffuse.png,normalPath=images/tiles/scifi-floor-normal.png,size=256,type=Floor,
x=768.0,y=-1024.0,path=images/tiles/scifi-floor-diffuse.png,normalPath=images/tiles/scifi-floor-normal.png,size=256,type=Floor,
CHUNK=LIGHT-DATA
x=1152.0,y=1152.0,r=1.0,g=0.25,b=0.25,radius=1200.0,castShadows=true,
x=-1152.0,y=1152.0,r=1.0,g=0.25,b=0.25,radius=1200.0,castShadows=true,
x=-1152.0,y=512.0,r=1.0,g=0.25,b=0.25,radius=1200.0,castShadows=true,
x=1152.0,y=-512.0,r=0.25,g=1.0,b=1.0,radius=1200.0,castShadows=true,
x=1152.0,y=-1152.0,r=0.25,g=1.0,b=1.0,radius=1200.0,castShadows=true,
x=-1152.0,y=-1152.0,r=0.25,g=1.0,b=1.0,radius=1200.0,castShadows=true,
x=768.0,y=-256.0,r=1.0,g=0.9,b=0.95,radius=1000.0,castShadows=true,
x=768.0,y=-768.0,r=1.0,g=0.9,b=0.95,radius=1000.0,castShadows=true,
x=-768.0,y=-768.0,r=1.0,g=0.9,b=0.95,radius=1000.0,castShadows=true,
x=-640.0,y=640.0,r=1.0,g=0.9,b=0.95,radius=1000.0,castShadows=true,
x=640.0,y=640.0,r=1.0,g=0.9,b=0.95,radius=1000.0,castShadows=true,
x=0.0,y=0.0,r=1.0,g=0.9,b=0.95,radius=1000.0,castShadows=true,
x=-896.0,y=128.0,r=1.0,g=0.9,b=0.95,radius=1000.0,castShadows=true,
x=1024.0,y=0.0,r=1.0,g=0.9,b=0.95,radius=1000.0,castShadows=true,
x=0.0,y=1024.0,r=1.0,g=0.9,b=0.95,radius=1000.0,castShadows=true,
x=0.0,y=-1152.0,r=1.0,g=0.9,b=0.95,radius=1000.0,castShadows=true,
CHUNK=COLLIDER-DATA
x=0.0,y=-1536.0,orientation=0.0,type=Square,size=256.0,groupMask=1,
x=-256.0,y=-1536.0,orientation=0.0,type=Square,size=256.0,groupMask=1,
x=-512.0,y=-1536.0,orientation=0.0,type=Square,size=256.0,groupMask=1,
x=-768.0,y=-1536.0,orientation=0.0,type=Square,size=256.0,groupMask=1,
x=-1024.0,y=-1536.0,orientation=0.0,type=Square,size=256.0,groupMask=1,
x=-1280.0,y=-1536.0,orientation=0.0,type=Square,size=256.0,groupMask=1,
x=-1536.0,y=-1280.0,orientation=0.0,type=Square,size=256.0,groupMask=1,
x=-1536.0,y=-1024.0,orientation=0.0,type=Square,size=256.0,groupMask=1,
x=-1536.0,y=-768.0,orientation=0.0,type=Square,size=256.0,groupMask=1,
x=-1536.0,y=-512.0,orientation=0.0,type=Square,size=256.0,groupMask=1,
x=-1536.0,y=-256.0,orientation=0.0,type=Square,size=256.0,groupMask=1,
x=-1536.0,y=0.0,orientation=0.0,type=Square,size=256.0,groupMask=1,
x=-1536.0,y=256.0,orientation=0.0,type=Square,size=256.0,groupMask=1,
x=-1536.0,y=512.0,orientation=0.0,type=Square,size=256.0,groupMask=1,
x=-1536.0,y=768.0,orientation=0.0,type=Square,size=256.0,groupMask=1,
x=-1536.0,y=1024.0,orientation=0.0,type=Square,size=256.0,groupMask=1,
x=-1536.0,y=1280.0,orientation=0.0,type=Square,size=256.0,groupMask=1,
x=-1536.0,y=1536.0,orientation=0.0,type=Square,size=256.0,groupMask=1,
x=-1280.0,y=1536.0,orientation=0.0,type=Square,size=256.0,groupMask=1,
x=-1024.0,y=1536.0,orientation=0.0,type=Square,size=256.0,groupMask=1,
x=-768.0,y=1536.0,orientation=0.0,type=Square,size=256.0,groupMask=1,
x=-512.0,y=1536.0,orientation=0.0,type=Square,size=256.0,groupMask=1,
x=-256.0,y=1536.0,orientation=0.0,type=Square,size=256.0,groupMask=1,
x=0.0,y=1536.0,orientation=0.0,type=Square,size=256.0,groupMask=1,
x=256.0,y=1536.0,orientation=0.0,type=Square,size=256.0,groupMask=1,
x=512.0,y=1536.0,orientation=0.0,type=Square,size=256.0,groupMask=1,
x=768.0,y=1536.0,orientation=0.0,type=Square,size=256.0,groupMask=1,
x=1024.0,y=1536.0,orientation=0.0,type=Square,size=256.0,groupMask=1,
x=1280.0,y=1536.0,orientation=0.0,type=Square,size=256.0,groupMask=1,
x=1536.0,y=1536.0,orientation=0.0,type=Square,size=256.0,groupMask=1,
x=1536.0,y=1280.0,orientation=0.0,type=Square,size=256.0,groupMask=1,
x=1536.0,y=1024.0,orientation=0.0,type=Square,size=256.0,groupMask=1,
x=1536.0,y=768.0,orientation=0.0,type=Square,size=256.0,groupMask=1,
x=1536.0,y=512.0,orientation=0.0,type=Square,size=256.0,groupMask=1,
x=1536.0,y=256.0,orientation=0.0,type=Square,size=256.0,groupMask=1,
x=1536.0,y=0.0,orientation=0.0,type=Square,size=256.0,groupMask=1,
x=1536.0,y=-256.0,orientation=0.0,type=Square,size=256.0,groupMask=1,
x=1536.0,y=-512.0,orientation=0.0,type=Square,size=256.0,groupMask=1,
x=1536.0,y=-768.0,orientation=0.0,type=Square,size=256.0,groupMask=1,
x=1536.0,y=-1024.0,orientation=0.0,type=Square,size=256.0,groupMask=1,
x=1536.0,y=-1280.0,orientation=0.0,type=Square,size=256.0,groupMask=1,
x=1536.0,y=-1536.0,orientation=0.0,type=Square,size=256.0,groupMask=1,
x=1280.0,y=-1536.0,orientation=0.0,type=Square,size=256.0,groupMask=1,
x=1024.0,y=-1536.0,orientation=0.0,type=Square,size=256.0,groupMask=1,
x=768.0,y=-1536.0,orientation=0.0,type=Square,size=256.0,groupMask=1,
x=512.0,y=-1536.0,orientation=0.0,type=Square,size=256.0,groupMask=1,
x=256.0,y=-1536.0,orientation=0.0,type=Square,size=256.0,groupMask=1,
x=-1536.0,y=-1536.0,orientation=0.0,type=Square,size=256.0,groupMask=1,
x=256.0,y=768.0,orientation=0.0,type=Square,size=128.0,groupMask=1,
x=384.0,y=768.0,orientation=0.0,type=Square,size=128.0,groupMask=1,
x=512.0,y=768.0,orientation=0.0,type=Square,size=128.0,groupMask=1,
x=640.0,y=768.0,orientation=0.0,type=Square,size=128.0,groupMask=1,
x=768.0,y=768.0,orientation=0.0,type=Square,size=128.0,groupMask=1,
x=768.0,y=512.0,orientation=0.0,type=Square,size=128.0,groupMask=1,
x=768.0,y=384.0,orientation=0.0,type=Square,size=128.0,groupMask=1,
x=768.0,y=256.0,orientation=0.0,type=Square,size=128.0,groupMask=1,
x=768.0,y=640.0,orientation=0.0,type=Square,size=128.0,groupMask=1,
x=-768.0,y=256.0,orientation=0.0,type=Square,size=128.0,groupMask=1,
x=-768.0,y=384.0,orientation=0.0,type=Square,size=128.0,groupMask=1,
x=-768.0,y=512.0,orientation=0.0,type=Square,size=128.0,groupMask=1,
x=-768.0,y=640.0,orientation=0.0,type=Square,size=128.0,groupMask=1,
x=-768.0,y=768.0,orientation=0.0,type=Square,size=128.0,groupMask=1,
x=-640.0,y=768.0,orientation=0.0,type=Square,size=128.0,groupMask=1,
x=-512.0,y=768.0,orientation=0.0,type=Square,size=128.0,groupMask=1,
x=-384.0,y=768.0,orientation=0.0,type=Square,size=128.0,groupMask=1,
x=-256.0,y=768.0,orientation=0.0,type=Square,size=128.0,groupMask=1,
x=-640.0,y=256.0,orientation=0.0,type=Square,size=128.0,groupMask=1,
x=-512.0,y=256.0,orientation=0.0,type=Square,size=128.0,groupMask=1,
x=-384.0,y=256.0,orientation=0.0,type=Square,size=128.0,groupMask=1,
x=-256.0,y=256.0,orientation=0.0,type=Square,size=128.0,groupMask=1,
x=-128.0,y=256.0,orientation=0.0,type=Square,size=128.0,groupMask=1,
x=896.0,y=256.0,orientation=0.0,type=Square,size=128.0,groupMask=1,
x=1024.0,y=256.0,orientation=0.0,type=Square,size=128.0,groupMask=1,
x=1152.0,y=256.0,orientation=0.0,type=Square,size=128.0,groupMask=1,
x=1280.0,y=256.0,orientation=0.0,type=Square,size=128.0,groupMask=1,
x=1408.0,y=256.0,orientation=0.0,type=Square,size=128.0,groupMask=1,
x=0.0,y=256.0,orientation=0.0,type=Square,size=128.0,groupMask=1,
x=128.0,y=256.0,orientation=0.0,type=Square,size=128.0,groupMask=1,
x=256.0,y=256.0,orientation=0.0,type=Square,size=128.0,groupMask=1,
x=-384.0,y=-128.0,orientation=0.0,type=Square,size=128.0,groupMask=1,
x=-256.0,y=-128.0,orientation=0.0,type=Square,size=128.0,groupMask=1,
x=-128.0,y=-128.0,orientation=0.0,type=Square,size=128.0,groupMask=1,
x=0.0,y=-128.0,orientation=0.0,type=Square,size=128.0,groupMask=1,
x=128.0,y=-128.0,orientation=0.0,type=Square,size=128.0,groupMask=1,
x=128.0,y=-128.0,orientation=0.0,type=Square,size=128.0,groupMask=1,
x=256.0,y=-128.0,orientation=0.0,type=Square,size=128.0,groupMask=1,
x=384.0,y=-128.0,orientation=0.0,type=Square,size=128.0,groupMask=1,
x=512.0,y=-128.0,orientation=0.0,type=Square,size=128.0,groupMask=1,
x=640.0,y=-128.0,orientation=0.0,type=Square,size=128.0,groupMask=1,
x=768.0,y=-128.0,orientation=0.0,type=Square,size=128.0,groupMask=1,
x=896.0,y=-128.0,orientation=0.0,type=Square,size=128.0,groupMask=1,
x=896.0,y=-256.0,orientation=0.0,type=Square,size=128.0,groupMask=1,
x=896.0,y=-384.0,orientation=0.0,type=Square,size=128.0,groupMask=1,
x=896.0,y=-512.0,orientation=0.0,type=Square,size=128.0,groupMask=1,
x=896.0,y=-640.0,orientation=0.0,type=Square,size=128.0,groupMask=1,
x=896.0,y=-768.0,orientation=0.0,type=Square,size=128.0,groupMask=1,
x=896.0,y=-896.0,orientation=0.0,type=Square,size=128.0,groupMask=1,
x=768.0,y=-896.0,orientation=0.0,type=Square,size=128.0,groupMask=1,
x=640.0,y=-896.0,orientation=0.0,type=Square,size=128.0,groupMask=1,
x=512.0,y=-896.0,orientation=0.0,type=Square,size=128.0,groupMask=1,
x=384.0,y=-896.0,orientation=0.0,type=Square,size=128.0,groupMask=1,
x=256.0,y=-896.0,orientation=0.0,type=Square,size=128.0,groupMask=1,
x=-256.0,y=-896.0,orientation=0.0,type=Square,size=128.0,groupMask=1,
x=-384.0,y=-896.0,orientation=0.0,type=Square,size=128.0,groupMask=1,
x=-512.0,y=-896.0,orientation=0.0,type=Square,size=128.0,groupMask=1,
x=-640.0,y=-896.0,orientation=0.0,type=Square,size=128.0,groupMask=1,
x=-768.0,y=-896.0,orientation=0.0,type=Square,size=128.0,groupMask=1,
x=-896.0,y=-896.0,orientation=0.0,type=Square,size=128.0,groupMask=1,
x=-896.0,y=-768.0,orientation=0.0,type=Square,size=128.0,groupMask=1,
x=-896.0,y=-640.0,orientation=0.0,type=Square,size=128.0,groupMask=1,
x=-896.0,y=-512.0,orientation=0.0,type=Square,size=128.0,groupMask=1,
x=-896.0,y=-384.0,orientation=0.0,type=Square,size=128.0,groupMask=1,
x=-896.0,y=-256.0,orientation=0.0,type=Square,size=128.0,groupMask=1,
x=-896.0,y=-128.0,orientation=0.0,type=Square,size=128.0,groupMask=1,
x=-1024.0,y=-128.0,orientation=0.0,type=Square,size=128.0,groupMask=1,
x=-1152.0,y=-128.0,orientation=0.0,type=Square,size=128.0,groupMask=1,
x=-1280.0,y=-128.0,orientation=0.0,type=Square,size=128.0,groupMask=1,
x=-1408.0,y=-128.0,orientation=0.0,type=Square,size=128.0,groupMask=1,
CHUNK=PICKUP-DATA
x=640.0,y=-512.0,type=Health,respawnTime=60,value=100,
x=-640.0,y=512.0,type=Health,respawnTime=60,value=100,
x=-640.0,y=384.0,type=Health,respawnTime=60,value=100,
x=640.0,y=-384.0,type=Health,respawnTime=60,value=100,
x=1024.0,y=384.0,type=Health,respawnTime=60,value=100,
x=1152.0,y=384.0,type=Health,respawnTime=60,value=100,
x=1280.0,y=384.0,type=Health,respawnTime=60,value=100,
x=-1280.0,y=-384.0,type=Health,respawnTime=60,value=100,
x=-1152.0,y=-384.0,type=Health,respawnTime=60,value=100,
x=-1024.0,y=-384.0,type=Health,respawnTime=60,value=100,
x=1280.0,y=-1280.0,type=Health,respawnTime=60,value=100,
x=-1280.0,y=1280.0,type=Health,respawnTime=60,value=100,
x=-768.0,y=33.265545,type=Weapon,respawnTime=60,value=0,
x=768.0,y=34.869022,type=Weapon,respawnTime=60,value=0,
x=-640.0,y=37.6447,type=Weapon,respawnTime=60,value=1,
x=640.0,y=31.5681,type=Weapon,respawnTime=60,value=1,
x=-512.0,y=36.66616,type=Weapon,respawnTime=60,value=2,
x=512.0,y=33.917088,type=Weapon,respawnTime=60,value=2,
x=-384.0,y=31.941723,type=Weapon,respawnTime=60,value=3,
x=384.0,y=35.810352,type=Weapon,respawnTime=60,value=3,
x=-256.0,y=37.435078,type=Weapon,respawnTime=60,value=4,
x=256.0,y=31.37716,type=Weapon,respawnTime=60,value=4,
x=-128.0,y=34.442684,type=Weapon,respawnTime=60,value=6,
x=128.0,y=38.003487,type=Weapon,respawnTime=60,value=6,
